// Jest Snapshot v1, https://goo.gl/fbAQLP

exports[`App renders correctly 1`] = `
<body>
  <div>
    <div
      class="App"
    >
      Hello
    </div>
  </div>
</body>
`;
